// Jest Snapshot v1, https://goo.gl/fbAQLP

exports[`<Game Keeper /> container tests should render and match the snapshot 1`] = `
<body>
  <div>
    <div
      class="sc-bdfBwQ jwNwTN"
    />
  </div>
</body>
`;
